Assignment 1.
------------------------------------------------------------------------------------
$ date
Mon Sep  7 23:19:07 IST 2020
-------------------------------------------------------------------------------------
$ date +%a\ %A\ %b 
Mon Monday Sep
-----------------------------------------------------------------------------------
$date +%B\ %F\ %D;
September 2020-09-07 09/07/20
---------------------------------------------------------------------------------------
$ date +%T\ %y\ %d\ %Y;
23:25:52 20 07 2020
-------------------------------------------------------------------------------------
$ cal -m2 2021

   February 2021      
Su Mo Tu We Th Fr Sa  
    1  2  3  4  5  6  
 7  8  9 10 11 12 13  
14 15 16 17 18 19 20  
21 22 23 24 25 26 27  
28 
----------------------------------------------------------------------------------
Input : $ echo "12+5" | bc
Output : 17
-----------------------------------------------------------------------------------
Input : $ echo "10^2" | bc
Output : 100
----------------------------------------------------------------------------------
$ echo "hello"
hello
$ echo hello
hello
------------------------------------------------------------------------------------
$ echo $PATH
home/pooja/workplace......
---------------------------------------------------------------------------------
$who
username     pooja8         2020-09-07 15:48 (:0)
----------------------------------------------------------------------------------
$whoami
username
--------------------------------------------------------------------------------
$logname
logname
---------------------------------------------------------------------------------
$uname
LINUX
-------------------------------------------------------------------------------
$seq 10 5 30
10
15
20
25
30

 seq - print a sequence of numbers
 ------------------------------------------------------------------------------
 $clear
clear the screen
--------------------------------------------------------------------------------
----------------------------------------------------------------------------------
Q2
(A)
$mkdir a b c
$cd a

$cat>a.txt

$cd ..

$cd b

$cat>b.txt

$cd ..

$cd c

$cat>c.txt
---------------------------------------------------------------------------------
(B)
$mv b c
----------------------------------------------------------------------------------
-----------------------------------------------------------------------------------
(C)
$ alias name="ls -lh"
$ name
drwxrwxr-x 2 username username 4.0K Sep  8 00:00 a
drwxrwxr-x 3 username username 4.0K Sep  8 00:07 c

-----------------------------------------------------------------------------------
(D)
$mv a cdac
-------------------------------------------------------------------------------------
-------------------------------------------------------------------------------------
Q3
(A)
$  cat file1.txt>file2.txt>file3.txt>file4.txt>file5.

$  cat >file1.txt  cat >file2.txt$  cat >file3.txt$  cat >file4.txt $  cat >file1.txt

$ grep 's' file1.txt file2.txt file3.txt

$ cat file1.txt  file2.txt  file3.txt  file4.txt file5.txt
--------------------------------------------------------------------------------
---------------------------------------------------------------------------------
(B)
$ cat >file.txt
$ nano file.txt
ctrl+o => save
ctrl+x exit
$ cat file.txt
-------------------------------------------------------------------------------------
----------------------------------------------------------------------------------
(C) touch fileone.txt filetwo.txt filethree.txt filefour.txt filefive.txt 

$mkdir a b c
$ rmdir a b c 
NOTE: rmdir: failed to remove 'a': Directory not empty

$mkdir a b c
$rm -r a b c

---------------------------------------------------------------------------------------
---------------------------------------------------------------------------------------
Q4

(a)$ vi file.txt
   ESC + :wq
   $ cat file.txt
(b)$ cat -n file.txt
(c)$ tac file.txt
(d)$ cat file.txt file2.txt >>file3.txt 
-------------------------------------------------------------------------------------------
-------------------------------------------------------------------------------------------
Q5
(a) $ cat >file.txt
     a
     b
     c
    $ column file.txt

(b) $ sort file.txt 
    $ sort -r file.txt 
(c) $ cat >>.hidden
    $ mkdir -p parent/{.child1,.child2}
    $ ls -a
(d) $touch -d 2020-01-01 file.txt
    $touch -d 2020-01-01 folder
    $ ls -t
    $ ls -rt
(e) $ ls -R
(f) $ls -l
(g) $ls foldername -ld

====================================================================================================================================================================
 ====================================================================================================================================================================


Q1
ANS:

Number	Permission Type	Symbol
0	No Permission	---
1	Execute	--x
2	Write	-w-
3	Execute + Write	-wx
4	Read	r--
5	Read + Execute	r-x
6	Read +Write	rw-
7	Read + Write +Execute	rwx
--------------------------------------------------------------------------------
USER GROUP ALL
eg:  -rw-rw-r-- 1 pooja pooja 0 Sep  8 20:15 a.txt
Q1
$ mkdir pooja
$ touch  a.txt b.txt c.txt d.sh
$ cd ..
$ chmod 700 pooja
$ cd pooja
(a)$ chmod 600 a.txt b.txt
(b)$ chmod 200 c.txt
(c)$ chmod 100 d.sh
---------------------------------------------------------------------------------
Q2
$ chmod 111 pooja
$ cd pooja
$ ls -l
ls: cannot open directory '.': Permission denied
----------------------------------------------------------------------------------
Q3
$ chmod 444 pooja

$ cd pooja
bash: cd: pooja: Permission denied
--------------------------------------------------------------------------------
Q4 Use echo to list the all files of your home directory.

---------------------------------------------------------------------------------
Q7
$ echo "pooja | cat >>a.txt
----------------------------------------------------------------------------------


Note:Many operation might not work.Analyze them
1.	Create Three level nested directory a,b and c

a)Create at least one hidden file in each directory

mkdir a
cd a
touch a.txt 
touch .hidden.txt
a.
mkdir b
cd b
touch b.txt 
touch .hidden1.txt
b)Create at least one normal text file in each directory
mkdir c
touch c.txt 
touch .hidden2.txt

c)Copy c into a
chmod a=r c

d)Copy file inside a into b

2.	Change the third level directory c permission to read only
permission denied
3.	Try copying third level c directory to outside of a
4.	Create the directory  “data“ inside b
5.	Change the permission of b to read and write only
6.	Create directory “data2”  inside b
7.	Create data.txt file inside b
8.	Rename the second level directory c to copied_dir
9.	Change permission of copied_dir to only executable
10.	Try ls on copied_dir
11.	Try moving copied_dir to outside of a
12.	Try moving data directory outside of a
13.	Now change the owner of the directory a to root
14.	Change permission of a to read write and executable to only user
15.	Try creating directory sample inside a
16.	Create directory x outside a
17.	Try moving x inside a
18.	Create directory movies
19.	Change group of movies to sudo
20.	Change group of movies to avahi
21.	Try changing permission after changing ownership to root
22.	Try Changing permission after changing group to sudo without sudo
23.	Try Changing owner and group both to root
24.	Try changinging permission
25.	Try deleting the file


2)
chmod a=r c

3)permission denied
4)mkdir data
5) chmod +rw b
6)mkdir data2
7)touch data.txt
8)mv c copied_dir
9)chmod +x copied_dir
10)ls
11)permission denied for hidden file,c.txt file
12)mv a/b/data/ a
13)sudo chmod
14)chmod o+rwx a
15)mkdir sample
16)mkdir x
17)mv  x a
18)mkdir movies
21)chmod a=rwx a
25)rm b.txt
..........................................................................

